<?xml version="1.0" encoding="utf-8"?><testsuites><testsuite name="pytest" errors="0" failures="0" skipped="0" tests="0" time="0.066" timestamp="2024-06-06T01:18:34.228757" hostname="Kodys-MBP" /></testsuites>